2026-05-03 09:40:55 | INFO | 模型文件夹已存在：/home/link/强化学习_learnning/Q_learning/best_models
2026-05-03 09:40:56 | INFO | 成功加载最优模型，继续训练
2026-05-03 09:40:56 | INFO | ------------------------------------------------------------
2026-05-03 09:40:56 | INFO | ===== 启动新一轮训练 =====
2026-05-03 09:40:56 | INFO | ---------- 第 0 轮 ----------
2026-05-03 09:40:56 | INFO | 当前状态:0  选择动作:0  下一状态:2  奖励:0
2026-05-03 09:40:56 | INFO | 更新前Q表:
[[9.2104e+02 1.0000e-01]
 [1.8800e+00 0.0000e+00]
 [9.7300e+02 0.0000e+00]
 [9.9726e+02 3.4390e+02]
 [0.0000e+00 0.0000e+00]]
2026-05-03 09:40:56 | INFO | 更新后Q表:
[[9.2526e+02 1.0000e-01]
 [1.8800e+00 0.0000e+00]
 [9.7300e+02 0.0000e+00]
 [9.9726e+02 3.4390e+02]
 [0.0000e+00 0.0000e+00]]
2026-05-03 09:40:56 | INFO | 当前状态:2  选择动作:0  下一状态:3  奖励:0
2026-05-03 09:40:56 | INFO | 更新前Q表:
[[9.2526e+02 1.0000e-01]
 [1.8800e+00 0.0000e+00]
 [9.7300e+02 0.0000e+00]
 [9.9726e+02 3.4390e+02]
 [0.0000e+00 0.0000e+00]]
2026-05-03 09:40:56 | INFO | 更新后Q表:
[[9.2526e+02 1.0000e-01]
 [1.8800e+00 0.0000e+00]
 [9.7443e+02 0.0000e+00]
 [9.9726e+02 3.4390e+02]
 [0.0000e+00 0.0000e+00]]
2026-05-03 09:40:56 | INFO | 当前状态:3  选择动作:0  下一状态:4  奖励:1000
2026-05-03 09:40:56 | INFO | 更新前Q表:
[[9.2526e+02 1.0000e-01]
 [1.8800e+00 0.0000e+00]
 [9.7443e+02 0.0000e+00]
 [9.9726e+02 3.4390e+02]
 [0.0000e+00 0.0000e+00]]
2026-05-03 09:40:56 | INFO | 更新后Q表:
[[9.2526e+02 1.0000e-01]
 [1.8800e+00 0.0000e+00]
 [9.7443e+02 0.0000e+00]
 [9.9753e+02 3.4390e+02]
 [0.0000e+00 0.0000e+00]]
2026-05-03 09:40:56 | INFO | 本轮成功到达终点
2026-05-03 09:40:56 | INFO | 本轮总奖励: 1000
2026-05-03 09:40:56 | INFO | 出现新最高奖励，已保存最优模型(npy+csv)
2026-05-03 09:40:56 | INFO | 当前历史最高奖励: 1000
2026-05-03 09:40:56 | INFO | ---------- 第 1 轮 ----------
2026-05-03 09:40:56 | INFO | 当前状态:0  选择动作:1  下一状态:1  奖励:1
2026-05-03 09:40:56 | INFO | 更新前Q表:
[[9.2526e+02 1.0000e-01]
 [1.8800e+00 0.0000e+00]
 [9.7443e+02 0.0000e+00]
 [9.9753e+02 3.4390e+02]
 [0.0000e+00 0.0000e+00]]
2026-05-03 09:40:56 | INFO | 更新后Q表:
[[9.2526e+02 3.8000e-01]
 [1.8800e+00 0.0000e+00]
 [9.7443e+02 0.0000e+00]
 [9.9753e+02 3.4390e+02]
 [0.0000e+00 0.0000e+00]]
2026-05-03 09:40:56 | INFO | 当前状态:1  选择动作:0  下一状态:1  奖励:1
2026-05-03 09:40:56 | INFO | 更新前Q表:
[[9.2526e+02 3.8000e-01]
 [1.8800e+00 0.0000e+00]
 [9.7443e+02 0.0000e+00]
 [9.9753e+02 3.4390e+02]
 [0.0000e+00 0.0000e+00]]
2026-05-03 09:40:56 | INFO | 更新后Q表:
[[9.2526e+02 3.8000e-01]
 [1.9800e+00 0.0000e+00]
 [9.7443e+02 0.0000e+00]
 [9.9753e+02 3.4390e+02]
 [0.0000e+00 0.0000e+00]]
2026-05-03 09:40:56 | INFO | 当前状态:1  选择动作:0  下一状态:1  奖励:1
2026-05-03 09:40:56 | INFO | 更新前Q表:
[[9.2526e+02 3.8000e-01]
 [1.9800e+00 0.0000e+00]
 [9.7443e+02 0.0000e+00]
 [9.9753e+02 3.4390e+02]
 [0.0000e+00 0.0000e+00]]
2026-05-03 09:40:56 | INFO | 更新后Q表:
[[9.2526e+02 3.8000e-01]
 [2.0800e+00 0.0000e+00]
 [9.7443e+02 0.0000e+00]
 [9.9753e+02 3.4390e+02]
 [0.0000e+00 0.0000e+00]]
2026-05-03 09:40:56 | INFO | 当前状态:1  选择动作:0  下一状态:1  奖励:1
2026-05-03 09:40:56 | INFO | 更新前Q表:
[[9.2526e+02 3.8000e-01]
 [2.0800e+00 0.0000e+00]
 [9.7443e+02 0.0000e+00]
 [9.9753e+02 3.4390e+02]
 [0.0000e+00 0.0000e+00]]
2026-05-03 09:40:56 | INFO | 更新后Q表:
[[9.2526e+02 3.8000e-01]
 [2.1800e+00 0.0000e+00]
 [9.7443e+02 0.0000e+00]
 [9.9753e+02 3.4390e+02]
 [0.0000e+00 0.0000e+00]]
2026-05-03 09:40:56 | INFO | 当前状态:1  选择动作:1  下一状态:1  奖励:1
2026-05-03 09:40:56 | INFO | 更新前Q表:
[[9.2526e+02 3.8000e-01]
 [2.1800e+00 0.0000e+00]
 [9.7443e+02 0.0000e+00]
 [9.9753e+02 3.4390e+02]
 [0.0000e+00 0.0000e+00]]
2026-05-03 09:40:56 | INFO | 更新后Q表:
[[9.2526e+02 3.8000e-01]
 [2.1800e+00 3.2000e-01]
 [9.7443e+02 0.0000e+00]
 [9.9753e+02 3.4390e+02]
 [0.0000e+00 0.0000e+00]]
2026-05-03 09:40:56 | INFO | 当前状态:1  选择动作:0  下一状态:1  奖励:1
2026-05-03 09:40:56 | INFO | 更新前Q表:
[[9.2526e+02 3.8000e-01]
 [2.1800e+00 3.2000e-01]
 [9.7443e+02 0.0000e+00]
 [9.9753e+02 3.4390e+02]
 [0.0000e+00 0.0000e+00]]
2026-05-03 09:40:56 | INFO | 更新后Q表:
[[9.2526e+02 3.8000e-01]
 [2.2700e+00 3.2000e-01]
 [9.7443e+02 0.0000e+00]
 [9.9753e+02 3.4390e+02]
 [0.0000e+00 0.0000e+00]]
2026-05-03 09:40:56 | INFO | 当前状态:1  选择动作:1  下一状态:1  奖励:1
2026-05-03 09:40:56 | INFO | 更新前Q表:
[[9.2526e+02 3.8000e-01]
 [2.2700e+00 3.2000e-01]
 [9.7443e+02 0.0000e+00]
 [9.9753e+02 3.4390e+02]
 [0.0000e+00 0.0000e+00]]
2026-05-03 09:40:56 | INFO | 更新后Q表:
[[9.2526e+02 3.8000e-01]
 [2.2700e+00 6.1000e-01]
 [9.7443e+02 0.0000e+00]
 [9.9753e+02 3.4390e+02]
 [0.0000e+00 0.0000e+00]]
2026-05-03 09:40:56 | INFO | 当前状态:1  选择动作:0  下一状态:1  奖励:1
2026-05-03 09:40:56 | INFO | 更新前Q表:
[[9.2526e+02 3.8000e-01]
 [2.2700e+00 6.1000e-01]
 [9.7443e+02 0.0000e+00]
 [9.9753e+02 3.4390e+02]
 [0.0000e+00 0.0000e+00]]
2026-05-03 09:40:56 | INFO | 更新后Q表:
[[9.2526e+02 3.8000e-01]
 [2.3700e+00 6.1000e-01]
 [9.7443e+02 0.0000e+00]
 [9.9753e+02 3.4390e+02]
 [0.0000e+00 0.0000e+00]]
2026-05-03 09:40:56 | INFO | 当前状态:1  选择动作:0  下一状态:1  奖励:1
2026-05-03 09:40:56 | INFO | 更新前Q表:
[[9.2526e+02 3.8000e-01]
 [2.3700e+00 6.1000e-01]
 [9.7443e+02 0.0000e+00]
 [9.9753e+02 3.4390e+02]
 [0.0000e+00 0.0000e+00]]
2026-05-03 09:40:56 | INFO | 更新后Q表:
[[9.2526e+02 3.8000e-01]
 [2.4700e+00 6.1000e-01]
 [9.7443e+02 0.0000e+00]
 [9.9753e+02 3.4390e+02]
 [0.0000e+00 0.0000e+00]]
2026-05-03 09:40:56 | INFO | 当前状态:1  选择动作:0  下一状态:1  奖励:1
2026-05-03 09:40:56 | INFO | 更新前Q表:
[[9.2526e+02 3.8000e-01]
 [2.4700e+00 6.1000e-01]
 [9.7443e+02 0.0000e+00]
 [9.9753e+02 3.4390e+02]
 [0.0000e+00 0.0000e+00]]
2026-05-03 09:40:56 | INFO | 更新后Q表:
[[9.2526e+02 3.8000e-01]
 [2.5700e+00 6.1000e-01]
 [9.7443e+02 0.0000e+00]
 [9.9753e+02 3.4390e+02]
 [0.0000e+00 0.0000e+00]]
2026-05-03 09:40:56 | INFO | 当前状态:1  选择动作:0  下一状态:1  奖励:1
2026-05-03 09:40:56 | INFO | 更新前Q表:
[[9.2526e+02 3.8000e-01]
 [2.5700e+00 6.1000e-01]
 [9.7443e+02 0.0000e+00]
 [9.9753e+02 3.4390e+02]
 [0.0000e+00 0.0000e+00]]
2026-05-03 09:40:56 | INFO | 更新后Q表:
[[9.2526e+02 3.8000e-01]
 [2.6700e+00 6.1000e-01]
 [9.7443e+02 0.0000e+00]
 [9.9753e+02 3.4390e+02]
 [0.0000e+00 0.0000e+00]]
2026-05-03 09:40:56 | INFO | 当前状态:1  选择动作:0  下一状态:1  奖励:1
2026-05-03 09:40:56 | INFO | 更新前Q表:
[[9.2526e+02 3.8000e-01]
 [2.6700e+00 6.1000e-01]
 [9.7443e+02 0.0000e+00]
 [9.9753e+02 3.4390e+02]
 [0.0000e+00 0.0000e+00]]
2026-05-03 09:40:56 | INFO | 更新后Q表:
[[9.2526e+02 3.8000e-01]
 [2.7600e+00 6.1000e-01]
 [9.7443e+02 0.0000e+00]
 [9.9753e+02 3.4390e+02]
 [0.0000e+00 0.0000e+00]]
2026-05-03 09:40:56 | INFO | 当前状态:1  选择动作:0  下一状态:1  奖励:1
2026-05-03 09:40:56 | INFO | 更新前Q表:
[[9.2526e+02 3.8000e-01]
 [2.7600e+00 6.1000e-01]
 [9.7443e+02 0.0000e+00]
 [9.9753e+02 3.4390e+02]
 [0.0000e+00 0.0000e+00]]
2026-05-03 09:40:56 | INFO | 更新后Q表:
[[9.2526e+02 3.8000e-01]
 [2.8600e+00 6.1000e-01]
 [9.7443e+02 0.0000e+00]
 [9.9753e+02 3.4390e+02]
 [0.0000e+00 0.0000e+00]]
2026-05-03 09:40:56 | INFO | 当前状态:1  选择动作:1  下一状态:1  奖励:1
2026-05-03 09:40:56 | INFO | 更新前Q表:
[[9.2526e+02 3.8000e-01]
 [2.8600e+00 6.1000e-01]
 [9.7443e+02 0.0000e+00]
 [9.9753e+02 3.4390e+02]
 [0.0000e+00 0.0000e+00]]
2026-05-03 09:40:56 | INFO | 更新后Q表:
[[9.2526e+02 3.8000e-01]
 [2.8600e+00 9.3000e-01]
 [9.7443e+02 0.0000e+00]
 [9.9753e+02 3.4390e+02]
 [0.0000e+00 0.0000e+00]]
2026-05-03 09:40:56 | INFO | 当前状态:1  选择动作:0  下一状态:1  奖励:1
2026-05-03 09:40:56 | INFO | 更新前Q表:
[[9.2526e+02 3.8000e-01]
 [2.8600e+00 9.3000e-01]
 [9.7443e+02 0.0000e+00]
 [9.9753e+02 3.4390e+02]
 [0.0000e+00 0.0000e+00]]
2026-05-03 09:40:56 | INFO | 更新后Q表:
[[9.2526e+02 3.8000e-01]
 [2.9600e+00 9.3000e-01]
 [9.7443e+02 0.0000e+00]
 [9.9753e+02 3.4390e+02]
 [0.0000e+00 0.0000e+00]]
2026-05-03 09:40:56 | INFO | 当前状态:1  选择动作:0  下一状态:1  奖励:1
2026-05-03 09:40:56 | INFO | 更新前Q表:
[[9.2526e+02 3.8000e-01]
 [2.9600e+00 9.3000e-01]
 [9.7443e+02 0.0000e+00]
 [9.9753e+02 3.4390e+02]
 [0.0000e+00 0.0000e+00]]
2026-05-03 09:40:56 | INFO | 更新后Q表:
[[9.2526e+02 3.8000e-01]
 [3.0500e+00 9.3000e-01]
 [9.7443e+02 0.0000e+00]
 [9.9753e+02 3.4390e+02]
 [0.0000e+00 0.0000e+00]]
2026-05-03 09:40:56 | INFO | 当前状态:1  选择动作:0  下一状态:1  奖励:1
2026-05-03 09:40:56 | INFO | 更新前Q表:
[[9.2526e+02 3.8000e-01]
 [3.0500e+00 9.3000e-01]
 [9.7443e+02 0.0000e+00]
 [9.9753e+02 3.4390e+02]
 [0.0000e+00 0.0000e+00]]
2026-05-03 09:40:56 | INFO | 更新后Q表:
[[9.2526e+02 3.8000e-01]
 [3.1500e+00 9.3000e-01]
 [9.7443e+02 0.0000e+00]
 [9.9753e+02 3.4390e+02]
 [0.0000e+00 0.0000e+00]]
2026-05-03 09:40:56 | INFO | 当前状态:1  选择动作:0  下一状态:1  奖励:1
2026-05-03 09:40:56 | INFO | 更新前Q表:
[[9.2526e+02 3.8000e-01]
 [3.1500e+00 9.3000e-01]
 [9.7443e+02 0.0000e+00]
 [9.9753e+02 3.4390e+02]
 [0.0000e+00 0.0000e+00]]
2026-05-03 09:40:56 | INFO | 更新后Q表:
[[9.2526e+02 3.8000e-01]
 [3.2500e+00 9.3000e-01]
 [9.7443e+02 0.0000e+00]
 [9.9753e+02 3.4390e+02]
 [0.0000e+00 0.0000e+00]]
2026-05-03 09:40:56 | INFO | 当前状态:1  选择动作:0  下一状态:1  奖励:1
2026-05-03 09:40:56 | INFO | 更新前Q表:
[[9.2526e+02 3.8000e-01]
 [3.2500e+00 9.3000e-01]
 [9.7443e+02 0.0000e+00]
 [9.9753e+02 3.4390e+02]
 [0.0000e+00 0.0000e+00]]
2026-05-03 09:40:56 | INFO | 更新后Q表:
[[9.2526e+02 3.8000e-01]
 [3.3400e+00 9.3000e-01]
 [9.7443e+02 0.0000e+00]
 [9.9753e+02 3.4390e+02]
 [0.0000e+00 0.0000e+00]]
2026-05-03 09:40:56 | INFO | 当前状态:1  选择动作:0  下一状态:1  奖励:1
2026-05-03 09:40:56 | INFO | 更新前Q表:
[[9.2526e+02 3.8000e-01]
 [3.3400e+00 9.3000e-01]
 [9.7443e+02 0.0000e+00]
 [9.9753e+02 3.4390e+02]
 [0.0000e+00 0.0000e+00]]
2026-05-03 09:40:56 | INFO | 更新后Q表:
[[9.2526e+02 3.8000e-01]
 [3.4400e+00 9.3000e-01]
 [9.7443e+02 0.0000e+00]
 [9.9753e+02 3.4390e+02]
 [0.0000e+00 0.0000e+00]]
2026-05-03 09:40:56 | INFO | 本轮总奖励: 20
2026-05-03 09:40:56 | INFO | 当前历史最高奖励: 1000
2026-05-03 09:40:56 | INFO | ---------- 第 2 轮 ----------
2026-05-03 09:40:56 | INFO | 当前状态:0  选择动作:0  下一状态:2  奖励:0
2026-05-03 09:40:56 | INFO | 更新前Q表:
[[9.2526e+02 3.8000e-01]
 [3.4400e+00 9.3000e-01]
 [9.7443e+02 0.0000e+00]
 [9.9753e+02 3.4390e+02]
 [0.0000e+00 0.0000e+00]]
2026-05-03 09:40:56 | INFO | 更新后Q表:
[[9.2921e+02 3.8000e-01]
 [3.4400e+00 9.3000e-01]
 [9.7443e+02 0.0000e+00]
 [9.9753e+02 3.4390e+02]
 [0.0000e+00 0.0000e+00]]
2026-05-03 09:40:56 | INFO | 当前状态:2  选择动作:0  下一状态:3  奖励:0
2026-05-03 09:40:56 | INFO | 更新前Q表:
[[9.2921e+02 3.8000e-01]
 [3.4400e+00 9.3000e-01]
 [9.7443e+02 0.0000e+00]
 [9.9753e+02 3.4390e+02]
 [0.0000e+00 0.0000e+00]]
2026-05-03 09:40:56 | INFO | 更新后Q表:
[[9.2921e+02 3.8000e-01]
 [3.4400e+00 9.3000e-01]
 [9.7574e+02 0.0000e+00]
 [9.9753e+02 3.4390e+02]
 [0.0000e+00 0.0000e+00]]
2026-05-03 09:40:56 | INFO | 当前状态:3  选择动作:0  下一状态:4  奖励:1000
2026-05-03 09:40:56 | INFO | 更新前Q表:
[[9.2921e+02 3.8000e-01]
 [3.4400e+00 9.3000e-01]
 [9.7574e+02 0.0000e+00]
 [9.9753e+02 3.4390e+02]
 [0.0000e+00 0.0000e+00]]
2026-05-03 09:40:56 | INFO | 更新后Q表:
[[9.2921e+02 3.8000e-01]
 [3.4400e+00 9.3000e-01]
 [9.7574e+02 0.0000e+00]
 [9.9778e+02 3.4390e+02]
 [0.0000e+00 0.0000e+00]]
2026-05-03 09:40:56 | INFO | 本轮成功到达终点
2026-05-03 09:40:56 | INFO | 本轮总奖励: 1000
2026-05-03 09:40:56 | INFO | 出现新最高奖励，已保存最优模型(npy+csv)
2026-05-03 09:40:56 | INFO | 当前历史最高奖励: 1000
2026-05-03 09:40:56 | INFO | ---------- 第 3 轮 ----------
2026-05-03 09:40:56 | INFO | 当前状态:0  选择动作:0  下一状态:2  奖励:0
2026-05-03 09:40:56 | INFO | 更新前Q表:
[[9.2921e+02 3.8000e-01]
 [3.4400e+00 9.3000e-01]
 [9.7574e+02 0.0000e+00]
 [9.9778e+02 3.4390e+02]
 [0.0000e+00 0.0000e+00]]
2026-05-03 09:40:56 | INFO | 更新后Q表:
[[9.3288e+02 3.8000e-01]
 [3.4400e+00 9.3000e-01]
 [9.7574e+02 0.0000e+00]
 [9.9778e+02 3.4390e+02]
 [0.0000e+00 0.0000e+00]]
2026-05-03 09:40:56 | INFO | 当前状态:2  选择动作:0  下一状态:3  奖励:0
2026-05-03 09:40:56 | INFO | 更新前Q表:
[[9.3288e+02 3.8000e-01]
 [3.4400e+00 9.3000e-01]
 [9.7574e+02 0.0000e+00]
 [9.9778e+02 3.4390e+02]
 [0.0000e+00 0.0000e+00]]
2026-05-03 09:40:56 | INFO | 更新后Q表:
[[9.3288e+02 3.8000e-01]
 [3.4400e+00 9.3000e-01]
 [9.7695e+02 0.0000e+00]
 [9.9778e+02 3.4390e+02]
 [0.0000e+00 0.0000e+00]]
2026-05-03 09:40:56 | INFO | 当前状态:3  选择动作:1  下一状态:4  奖励:1000
2026-05-03 09:40:56 | INFO | 更新前Q表:
[[9.3288e+02 3.8000e-01]
 [3.4400e+00 9.3000e-01]
 [9.7695e+02 0.0000e+00]
 [9.9778e+02 3.4390e+02]
 [0.0000e+00 0.0000e+00]]
2026-05-03 09:40:56 | INFO | 更新后Q表:
[[9.3288e+02 3.8000e-01]
 [3.4400e+00 9.3000e-01]
 [9.7695e+02 0.0000e+00]
 [9.9778e+02 4.0951e+02]
 [0.0000e+00 0.0000e+00]]
2026-05-03 09:40:56 | INFO | 本轮成功到达终点
2026-05-03 09:40:56 | INFO | 本轮总奖励: 1000
2026-05-03 09:40:56 | INFO | 出现新最高奖励，已保存最优模型(npy+csv)
2026-05-03 09:40:56 | INFO | 当前历史最高奖励: 1000
2026-05-03 09:40:56 | INFO | ---------- 第 4 轮 ----------
2026-05-03 09:40:56 | INFO | 当前状态:0  选择动作:0  下一状态:2  奖励:0
2026-05-03 09:40:56 | INFO | 更新前Q表:
[[9.3288e+02 3.8000e-01]
 [3.4400e+00 9.3000e-01]
 [9.7695e+02 0.0000e+00]
 [9.9778e+02 4.0951e+02]
 [0.0000e+00 0.0000e+00]]
2026-05-03 09:40:56 | INFO | 更新后Q表:
[[9.3631e+02 3.8000e-01]
 [3.4400e+00 9.3000e-01]
 [9.7695e+02 0.0000e+00]
 [9.9778e+02 4.0951e+02]
 [0.0000e+00 0.0000e+00]]
2026-05-03 09:40:56 | INFO | 当前状态:2  选择动作:0  下一状态:3  奖励:0
2026-05-03 09:40:56 | INFO | 更新前Q表:
[[9.3631e+02 3.8000e-01]
 [3.4400e+00 9.3000e-01]
 [9.7695e+02 0.0000e+00]
 [9.9778e+02 4.0951e+02]
 [0.0000e+00 0.0000e+00]]
2026-05-03 09:40:56 | INFO | 更新后Q表:
[[9.3631e+02 3.8000e-01]
 [3.4400e+00 9.3000e-01]
 [9.7804e+02 0.0000e+00]
 [9.9778e+02 4.0951e+02]
 [0.0000e+00 0.0000e+00]]
2026-05-03 09:40:56 | INFO | 当前状态:3  选择动作:0  下一状态:4  奖励:1000
2026-05-03 09:40:56 | INFO | 更新前Q表:
[[9.3631e+02 3.8000e-01]
 [3.4400e+00 9.3000e-01]
 [9.7804e+02 0.0000e+00]
 [9.9778e+02 4.0951e+02]
 [0.0000e+00 0.0000e+00]]
2026-05-03 09:40:56 | INFO | 更新后Q表:
[[9.3631e+02 3.8000e-01]
 [3.4400e+00 9.3000e-01]
 [9.7804e+02 0.0000e+00]
 [9.9800e+02 4.0951e+02]
 [0.0000e+00 0.0000e+00]]
2026-05-03 09:40:56 | INFO | 本轮成功到达终点
2026-05-03 09:40:56 | INFO | 本轮总奖励: 1000
2026-05-03 09:40:56 | INFO | 出现新最高奖励，已保存最优模型(npy+csv)
2026-05-03 09:40:56 | INFO | 当前历史最高奖励: 1000
2026-05-03 09:40:56 | INFO | ---------- 第 5 轮 ----------
2026-05-03 09:40:56 | INFO | 当前状态:0  选择动作:0  下一状态:2  奖励:0
2026-05-03 09:40:56 | INFO | 更新前Q表:
[[9.3631e+02 3.8000e-01]
 [3.4400e+00 9.3000e-01]
 [9.7804e+02 0.0000e+00]
 [9.9800e+02 4.0951e+02]
 [0.0000e+00 0.0000e+00]]
2026-05-03 09:40:56 | INFO | 更新后Q表:
[[9.3951e+02 3.8000e-01]
 [3.4400e+00 9.3000e-01]
 [9.7804e+02 0.0000e+00]
 [9.9800e+02 4.0951e+02]
 [0.0000e+00 0.0000e+00]]
2026-05-03 09:40:56 | INFO | 当前状态:2  选择动作:0  下一状态:3  奖励:0
2026-05-03 09:40:56 | INFO | 更新前Q表:
[[9.3951e+02 3.8000e-01]
 [3.4400e+00 9.3000e-01]
 [9.7804e+02 0.0000e+00]
 [9.9800e+02 4.0951e+02]
 [0.0000e+00 0.0000e+00]]
2026-05-03 09:40:56 | INFO | 更新后Q表:
[[9.3951e+02 3.8000e-01]
 [3.4400e+00 9.3000e-01]
 [9.7903e+02 0.0000e+00]
 [9.9800e+02 4.0951e+02]
 [0.0000e+00 0.0000e+00]]
2026-05-03 09:40:56 | INFO | 当前状态:3  选择动作:0  下一状态:4  奖励:1000
2026-05-03 09:40:56 | INFO | 更新前Q表:
[[9.3951e+02 3.8000e-01]
 [3.4400e+00 9.3000e-01]
 [9.7903e+02 0.0000e+00]
 [9.9800e+02 4.0951e+02]
 [0.0000e+00 0.0000e+00]]
2026-05-03 09:40:56 | INFO | 更新后Q表:
[[9.3951e+02 3.8000e-01]
 [3.4400e+00 9.3000e-01]
 [9.7903e+02 0.0000e+00]
 [9.9820e+02 4.0951e+02]
 [0.0000e+00 0.0000e+00]]
2026-05-03 09:40:56 | INFO | 本轮成功到达终点
2026-05-03 09:40:56 | INFO | 本轮总奖励: 1000
2026-05-03 09:40:56 | INFO | 出现新最高奖励，已保存最优模型(npy+csv)
2026-05-03 09:40:56 | INFO | 当前历史最高奖励: 1000
2026-05-03 09:40:56 | INFO | ---------- 第 6 轮 ----------
2026-05-03 09:40:56 | INFO | 当前状态:0  选择动作:0  下一状态:2  奖励:0
2026-05-03 09:40:56 | INFO | 更新前Q表:
[[9.3951e+02 3.8000e-01]
 [3.4400e+00 9.3000e-01]
 [9.7903e+02 0.0000e+00]
 [9.9820e+02 4.0951e+02]
 [0.0000e+00 0.0000e+00]]
2026-05-03 09:40:56 | INFO | 更新后Q表:
[[9.4248e+02 3.8000e-01]
 [3.4400e+00 9.3000e-01]
 [9.7903e+02 0.0000e+00]
 [9.9820e+02 4.0951e+02]
 [0.0000e+00 0.0000e+00]]
2026-05-03 09:40:56 | INFO | 当前状态:2  选择动作:0  下一状态:3  奖励:0
2026-05-03 09:40:56 | INFO | 更新前Q表:
[[9.4248e+02 3.8000e-01]
 [3.4400e+00 9.3000e-01]
 [9.7903e+02 0.0000e+00]
 [9.9820e+02 4.0951e+02]
 [0.0000e+00 0.0000e+00]]
2026-05-03 09:40:56 | INFO | 更新后Q表:
[[9.4248e+02 3.8000e-01]
 [3.4400e+00 9.3000e-01]
 [9.7995e+02 0.0000e+00]
 [9.9820e+02 4.0951e+02]
 [0.0000e+00 0.0000e+00]]
2026-05-03 09:40:56 | INFO | 当前状态:3  选择动作:1  下一状态:4  奖励:1000
2026-05-03 09:40:56 | INFO | 更新前Q表:
[[9.4248e+02 3.8000e-01]
 [3.4400e+00 9.3000e-01]
 [9.7995e+02 0.0000e+00]
 [9.9820e+02 4.0951e+02]
 [0.0000e+00 0.0000e+00]]
2026-05-03 09:40:56 | INFO | 更新后Q表:
[[9.4248e+02 3.8000e-01]
 [3.4400e+00 9.3000e-01]
 [9.7995e+02 0.0000e+00]
 [9.9820e+02 4.6856e+02]
 [0.0000e+00 0.0000e+00]]
2026-05-03 09:40:56 | INFO | 本轮成功到达终点
2026-05-03 09:40:56 | INFO | 本轮总奖励: 1000
2026-05-03 09:40:56 | INFO | 出现新最高奖励，已保存最优模型(npy+csv)
2026-05-03 09:40:56 | INFO | 当前历史最高奖励: 1000
2026-05-03 09:40:56 | INFO | ---------- 第 7 轮 ----------
2026-05-03 09:40:56 | INFO | 当前状态:0  选择动作:0  下一状态:2  奖励:0
2026-05-03 09:40:56 | INFO | 更新前Q表:
[[9.4248e+02 3.8000e-01]
 [3.4400e+00 9.3000e-01]
 [9.7995e+02 0.0000e+00]
 [9.9820e+02 4.6856e+02]
 [0.0000e+00 0.0000e+00]]
2026-05-03 09:40:56 | INFO | 更新后Q表:
[[9.4525e+02 3.8000e-01]
 [3.4400e+00 9.3000e-01]
 [9.7995e+02 0.0000e+00]
 [9.9820e+02 4.6856e+02]
 [0.0000e+00 0.0000e+00]]
2026-05-03 09:40:56 | INFO | 当前状态:2  选择动作:0  下一状态:3  奖励:0
2026-05-03 09:40:56 | INFO | 更新前Q表:
[[9.4525e+02 3.8000e-01]
 [3.4400e+00 9.3000e-01]
 [9.7995e+02 0.0000e+00]
 [9.9820e+02 4.6856e+02]
 [0.0000e+00 0.0000e+00]]
2026-05-03 09:40:56 | INFO | 更新后Q表:
[[9.4525e+02 3.8000e-01]
 [3.4400e+00 9.3000e-01]
 [9.8078e+02 0.0000e+00]
 [9.9820e+02 4.6856e+02]
 [0.0000e+00 0.0000e+00]]
2026-05-03 09:40:56 | INFO | 当前状态:3  选择动作:0  下一状态:4  奖励:1000
2026-05-03 09:40:56 | INFO | 更新前Q表:
[[9.4525e+02 3.8000e-01]
 [3.4400e+00 9.3000e-01]
 [9.8078e+02 0.0000e+00]
 [9.9820e+02 4.6856e+02]
 [0.0000e+00 0.0000e+00]]
2026-05-03 09:40:56 | INFO | 更新后Q表:
[[9.4525e+02 3.8000e-01]
 [3.4400e+00 9.3000e-01]
 [9.8078e+02 0.0000e+00]
 [9.9838e+02 4.6856e+02]
 [0.0000e+00 0.0000e+00]]
2026-05-03 09:40:56 | INFO | 本轮成功到达终点
2026-05-03 09:40:56 | INFO | 本轮总奖励: 1000
2026-05-03 09:40:56 | INFO | 出现新最高奖励，已保存最优模型(npy+csv)
2026-05-03 09:40:56 | INFO | 当前历史最高奖励: 1000
2026-05-03 09:40:56 | INFO | ---------- 第 8 轮 ----------
2026-05-03 09:40:56 | INFO | 当前状态:0  选择动作:0  下一状态:2  奖励:0
2026-05-03 09:40:56 | INFO | 更新前Q表:
[[9.4525e+02 3.8000e-01]
 [3.4400e+00 9.3000e-01]
 [9.8078e+02 0.0000e+00]
 [9.9838e+02 4.6856e+02]
 [0.0000e+00 0.0000e+00]]
2026-05-03 09:40:56 | INFO | 更新后Q表:
[[9.4782e+02 3.8000e-01]
 [3.4400e+00 9.3000e-01]
 [9.8078e+02 0.0000e+00]
 [9.9838e+02 4.6856e+02]
 [0.0000e+00 0.0000e+00]]
2026-05-03 09:40:56 | INFO | 当前状态:2  选择动作:0  下一状态:3  奖励:0
2026-05-03 09:40:56 | INFO | 更新前Q表:
[[9.4782e+02 3.8000e-01]
 [3.4400e+00 9.3000e-01]
 [9.8078e+02 0.0000e+00]
 [9.9838e+02 4.6856e+02]
 [0.0000e+00 0.0000e+00]]
2026-05-03 09:40:56 | INFO | 更新后Q表:
[[9.4782e+02 3.8000e-01]
 [3.4400e+00 9.3000e-01]
 [9.8154e+02 0.0000e+00]
 [9.9838e+02 4.6856e+02]
 [0.0000e+00 0.0000e+00]]
2026-05-03 09:40:56 | INFO | 当前状态:3  选择动作:0  下一状态:4  奖励:1000
2026-05-03 09:40:56 | INFO | 更新前Q表:
[[9.4782e+02 3.8000e-01]
 [3.4400e+00 9.3000e-01]
 [9.8154e+02 0.0000e+00]
 [9.9838e+02 4.6856e+02]
 [0.0000e+00 0.0000e+00]]
2026-05-03 09:40:56 | INFO | 更新后Q表:
[[9.4782e+02 3.8000e-01]
 [3.4400e+00 9.3000e-01]
 [9.8154e+02 0.0000e+00]
 [9.9854e+02 4.6856e+02]
 [0.0000e+00 0.0000e+00]]
2026-05-03 09:40:56 | INFO | 本轮成功到达终点
2026-05-03 09:40:56 | INFO | 本轮总奖励: 1000
2026-05-03 09:40:56 | INFO | 出现新最高奖励，已保存最优模型(npy+csv)
2026-05-03 09:40:56 | INFO | 当前历史最高奖励: 1000
2026-05-03 09:40:56 | INFO | ---------- 第 9 轮 ----------
2026-05-03 09:40:56 | INFO | 当前状态:0  选择动作:0  下一状态:2  奖励:0
2026-05-03 09:40:56 | INFO | 更新前Q表:
[[9.4782e+02 3.8000e-01]
 [3.4400e+00 9.3000e-01]
 [9.8154e+02 0.0000e+00]
 [9.9854e+02 4.6856e+02]
 [0.0000e+00 0.0000e+00]]
2026-05-03 09:40:56 | INFO | 更新后Q表:
[[9.5021e+02 3.8000e-01]
 [3.4400e+00 9.3000e-01]
 [9.8154e+02 0.0000e+00]
 [9.9854e+02 4.6856e+02]
 [0.0000e+00 0.0000e+00]]
2026-05-03 09:40:56 | INFO | 当前状态:2  选择动作:0  下一状态:3  奖励:0
2026-05-03 09:40:56 | INFO | 更新前Q表:
[[9.5021e+02 3.8000e-01]
 [3.4400e+00 9.3000e-01]
 [9.8154e+02 0.0000e+00]
 [9.9854e+02 4.6856e+02]
 [0.0000e+00 0.0000e+00]]
2026-05-03 09:40:56 | INFO | 更新后Q表:
[[9.5021e+02 3.8000e-01]
 [3.4400e+00 9.3000e-01]
 [9.8224e+02 0.0000e+00]
 [9.9854e+02 4.6856e+02]
 [0.0000e+00 0.0000e+00]]
2026-05-03 09:40:56 | INFO | 当前状态:3  选择动作:0  下一状态:4  奖励:1000
2026-05-03 09:40:56 | INFO | 更新前Q表:
[[9.5021e+02 3.8000e-01]
 [3.4400e+00 9.3000e-01]
 [9.8224e+02 0.0000e+00]
 [9.9854e+02 4.6856e+02]
 [0.0000e+00 0.0000e+00]]
2026-05-03 09:40:56 | INFO | 更新后Q表:
[[9.5021e+02 3.8000e-01]
 [3.4400e+00 9.3000e-01]
 [9.8224e+02 0.0000e+00]
 [9.9869e+02 4.6856e+02]
 [0.0000e+00 0.0000e+00]]
2026-05-03 09:40:56 | INFO | 本轮成功到达终点
2026-05-03 09:40:56 | INFO | 本轮总奖励: 1000
2026-05-03 09:40:56 | INFO | 出现新最高奖励，已保存最优模型(npy+csv)
2026-05-03 09:40:56 | INFO | 当前历史最高奖励: 1000
2026-05-03 09:40:56 | INFO | ===== 本轮训练结束 =====
2026-05-03 09:40:56 | INFO | 最终Q表:
[[9.5021e+02 3.8000e-01]
 [3.4400e+00 9.3000e-01]
 [9.8224e+02 0.0000e+00]
 [9.9869e+02 4.6856e+02]
 [0.0000e+00 0.0000e+00]]
2026-05-03 09:40:56 | INFO | 最终最优路径: [0, 2, 3, 4]
2026-05-03 09:40:56 | INFO | 训练全部完成！日志文件路径：/home/link/强化学习_learnning/Q_learning/train_append.log
